---
source: tests/help.rs
expression: stdout
---
Translate uv.lock into Buck2 build rules

Usage: muntjac [OPTIONS] <COMMAND>

Commands:
  init     Write a starter muntjac.toml and third-party/python/ skeleton
  config   Validate muntjac.toml without performing any side effects
  vendor   Download wheels into ~/.cache/muntjac (or vendor/) — UNIMPLEMENTED (S5/S9)
  buckify  Read uv.lock + fixups and emit BUCK, muntjac.bzl, config/BUCK, and wiring.bzl
  audit    Cross-check uv.lock against pypa/advisory-database — UNIMPLEMENTED (S10)
  fixups   Manage fixups (update / show) — UNIMPLEMENTED (S6/S7)
  unused   Report vendored wheels not referenced by any tree — UNIMPLEMENTED (S10)
  help     Print this message or the help of the given subcommand(s)

Options:
  -C, --cd <PATH>    Run as if muntjac were invoked from this path
  -v, --verbose...   Verbose logging. Repeat for more (-v info, -vv debug)
      --no-network   Forbid any network calls
      --frozen       Forbid running `uv lock` even if pyproject.toml is newer
      --tree <NAME>  Operate on a specific tree in a multi-tree config
  -h, --help         Print help
  -V, --version      Print version
